// Jest Snapshot v1, https://goo.gl/fbAQLP

exports[`Calendar renders 1`] = `
<View
  collapsable={true}
  pointerEvents="box-none"
  style={
    Object {
      "flex": 1,
    }
  }
>
  <View
    style={
      Object {
        "flex": 1,
      }
    }
  >
    <View
      style={
        Object {
          "alignItems": "center",
          "flexDirection": "row",
          "justifyContent": "space-between",
        }
      }
    >
      <Text
        style={
          Array [
            Object {
              "color": "#2e2e2e",
              "fontFamily": "IBMPlexSans",
              "fontSize": 17,
              "lineHeight": 28,
            },
            Object {
              "writingDirection": "ltr",
            },
            Object {
              "color": "#4754C5",
              "fontFamily": "IBMPlexSans-Bold",
              "fontSize": 15,
              "fontWeight": "500",
              "lineHeight": 24,
            },
          ]
        }
      >
        JUNE | JULY
      </Text>
      <View
        accessible={true}
        focusable={true}
        isTVSelectable={true}
        style={
          Object {
            "alignItems": "center",
            "backgroundColor": "#e5e7fa",
            "borderColor": "#e5e7fa",
            "borderRadius": 500,
            "flexDirection": "row",
            "justifyContent": "center",
            "opacity": 1,
            "paddingHorizontal": 12,
            "paddingVertical": 4,
          }
        }
      >
        <Text
          style={
            Array [
              Object {
                "color": "#2e2e2e",
                "fontFamily": "IBMPlexSans",
                "fontSize": 17,
                "lineHeight": 28,
              },
              Object {
                "writingDirection": "ltr",
              },
              Object {
                "color": "#4754C5",
                "fontFamily": "IBMPlexSans-Bold",
                "fontSize": 15,
                "fontWeight": "500",
                "lineHeight": 24,
              },
            ]
          }
        >
          LEGEND
        </Text>
      </View>
    </View>
    <View
      style={
        Object {
          "flex": 1,
          "paddingVertical": 16,
        }
      }
    >
      <View
        style={
          Object {
            "alignItems": "center",
            "flex": 1,
            "flexDirection": "row",
            "justifyContent": "space-between",
            "paddingVertical": 8,
          }
        }
      >
        <View
          style={
            Object {
              "alignItems": "center",
              "justifyContent": "center",
              "width": 44,
            }
          }
        >
          <Text
            style={
              Object {
                "color": "#2e2e2e",
                "fontFamily": "IBMPlexSans",
                "fontSize": 15,
                "lineHeight": 24,
              }
            }
          >
            S
          </Text>
        </View>
        <View
          style={
            Object {
              "alignItems": "center",
              "justifyContent": "center",
              "width": 44,
            }
          }
        >
          <Text
            style={
              Object {
                "color": "#2e2e2e",
                "fontFamily": "IBMPlexSans",
                "fontSize": 15,
                "lineHeight": 24,
              }
            }
          >
            M
          </Text>
        </View>
        <View
          style={
            Object {
              "alignItems": "center",
              "justifyContent": "center",
              "width": 44,
            }
          }
        >
          <Text
            style={
              Object {
                "color": "#2e2e2e",
                "fontFamily": "IBMPlexSans",
                "fontSize": 15,
                "lineHeight": 24,
              }
            }
          >
            T
          </Text>
        </View>
        <View
          style={
            Object {
              "alignItems": "center",
              "justifyContent": "center",
              "width": 44,
            }
          }
        >
          <Text
            style={
              Object {
                "color": "#2e2e2e",
                "fontFamily": "IBMPlexSans",
                "fontSize": 15,
                "lineHeight": 24,
              }
            }
          >
            W
          </Text>
        </View>
        <View
          style={
            Object {
              "alignItems": "center",
              "justifyContent": "center",
              "width": 44,
            }
          }
        >
          <Text
            style={
              Object {
                "color": "#2e2e2e",
                "fontFamily": "IBMPlexSans",
                "fontSize": 15,
                "lineHeight": 24,
              }
            }
          >
            T
          </Text>
        </View>
        <View
          style={
            Object {
              "alignItems": "center",
              "justifyContent": "center",
              "width": 44,
            }
          }
        >
          <Text
            style={
              Object {
                "color": "#2e2e2e",
                "fontFamily": "IBMPlexSans",
                "fontSize": 15,
                "lineHeight": 24,
              }
            }
          >
            F
          </Text>
        </View>
        <View
          style={
            Object {
              "alignItems": "center",
              "justifyContent": "center",
              "width": 44,
            }
          }
        >
          <Text
            style={
              Object {
                "color": "#2e2e2e",
                "fontFamily": "IBMPlexSans",
                "fontSize": 15,
                "lineHeight": 24,
              }
            }
          >
            S
          </Text>
        </View>
      </View>
      <View
        style={
          Object {
            "alignItems": "center",
            "flex": 1,
            "flexDirection": "row",
            "justifyContent": "space-between",
            "paddingVertical": 8,
          }
        }
      >
        <View
          accessible={true}
          focusable={true}
          isTVSelectable={true}
          style={
            Object {
              "opacity": 1,
            }
          }
        >
          <View
            style={
              Object {
                "alignItems": "center",
                "borderColor": "#4e4e4e",
                "borderRadius": 500,
                "borderWidth": 4,
                "flex": 1,
                "height": 44,
                "justifyContent": "center",
                "width": 44,
              }
            }
          >
            <Text
              style={
                Object {
                  "color": "#1f2c9b",
                  "fontFamily": "IBMPlexMono",
                  "fontSize": 15,
                  "fontWeight": "500",
                  "lineHeight": 24,
                }
              }
            >
              14
            </Text>
          </View>
        </View>
        <View
          accessible={true}
          focusable={true}
          isTVSelectable={true}
          style={
            Object {
              "opacity": 1,
            }
          }
        >
          <View
            style={
              Object {
                "alignItems": "center",
                "borderColor": "rgba(0, 0, 0, 0)",
                "borderRadius": 500,
                "borderWidth": 4,
                "flex": 1,
                "height": 44,
                "justifyContent": "center",
                "width": 44,
              }
            }
          >
            <Text
              style={
                Object {
                  "color": "#1f2c9b",
                  "fontFamily": "IBMPlexMono",
                  "fontSize": 15,
                  "fontWeight": "500",
                  "lineHeight": 24,
                }
              }
            >
              15
            </Text>
          </View>
        </View>
        <View
          accessible={true}
          focusable={true}
          isTVSelectable={true}
          style={
            Object {
              "opacity": 1,
            }
          }
        >
          <View
            style={
              Object {
                "alignItems": "center",
                "borderColor": "rgba(0, 0, 0, 0)",
                "borderRadius": 500,
                "borderWidth": 4,
                "flex": 1,
                "height": 44,
                "justifyContent": "center",
                "width": 44,
              }
            }
          >
            <Text
              style={
                Object {
                  "color": "#1f2c9b",
                  "fontFamily": "IBMPlexMono",
                  "fontSize": 15,
                  "fontWeight": "500",
                  "lineHeight": 24,
                }
              }
            >
              16
            </Text>
          </View>
        </View>
        <View
          accessible={true}
          focusable={true}
          isTVSelectable={true}
          style={
            Object {
              "opacity": 1,
            }
          }
        >
          <View
            style={
              Object {
                "alignItems": "center",
                "borderColor": "rgba(0, 0, 0, 0)",
                "borderRadius": 500,
                "borderWidth": 4,
                "flex": 1,
                "height": 44,
                "justifyContent": "center",
                "width": 44,
              }
            }
          >
            <Text
              style={
                Object {
                  "color": "#1f2c9b",
                  "fontFamily": "IBMPlexMono",
                  "fontSize": 15,
                  "fontWeight": "500",
                  "lineHeight": 24,
                }
              }
            >
              17
            </Text>
          </View>
        </View>
        <View
          accessible={true}
          focusable={true}
          isTVSelectable={true}
          style={
            Object {
              "opacity": 1,
            }
          }
        >
          <View
            style={
              Object {
                "alignItems": "center",
                "borderColor": "rgba(0, 0, 0, 0)",
                "borderRadius": 500,
                "borderWidth": 4,
                "flex": 1,
                "height": 44,
                "justifyContent": "center",
                "width": 44,
              }
            }
          >
            <Text
              style={
                Object {
                  "color": "#1f2c9b",
                  "fontFamily": "IBMPlexMono",
                  "fontSize": 15,
                  "fontWeight": "500",
                  "lineHeight": 24,
                }
              }
            >
              18
            </Text>
          </View>
        </View>
        <View
          accessible={true}
          focusable={true}
          isTVSelectable={true}
          style={
            Object {
              "opacity": 1,
            }
          }
        >
          <View
            style={
              Object {
                "alignItems": "center",
                "borderColor": "rgba(0, 0, 0, 0)",
                "borderRadius": 500,
                "borderWidth": 4,
                "flex": 1,
                "height": 44,
                "justifyContent": "center",
                "width": 44,
              }
            }
          >
            <Text
              style={
                Object {
                  "color": "#1f2c9b",
                  "fontFamily": "IBMPlexMono",
                  "fontSize": 15,
                  "fontWeight": "500",
                  "lineHeight": 24,
                }
              }
            >
              19
            </Text>
          </View>
        </View>
        <View
          accessible={true}
          focusable={true}
          isTVSelectable={true}
          style={
            Object {
              "opacity": 1,
            }
          }
        >
          <View
            style={
              Object {
                "alignItems": "center",
                "borderColor": "rgba(0, 0, 0, 0)",
                "borderRadius": 500,
                "borderWidth": 4,
                "flex": 1,
                "height": 44,
                "justifyContent": "center",
                "width": 44,
              }
            }
          >
            <Text
              style={
                Object {
                  "color": "#1f2c9b",
                  "fontFamily": "IBMPlexMono",
                  "fontSize": 15,
                  "fontWeight": "500",
                  "lineHeight": 24,
                }
              }
            >
              20
            </Text>
          </View>
        </View>
      </View>
      <View
        style={
          Object {
            "alignItems": "center",
            "flex": 1,
            "flexDirection": "row",
            "justifyContent": "space-between",
            "paddingVertical": 8,
          }
        }
      >
        <View
          accessible={true}
          focusable={true}
          isTVSelectable={true}
          style={
            Object {
              "opacity": 1,
            }
          }
        >
          <View
            style={
              Object {
                "alignItems": "center",
                "borderColor": "rgba(0, 0, 0, 0)",
                "borderRadius": 500,
                "borderWidth": 4,
                "flex": 1,
                "height": 44,
                "justifyContent": "center",
                "width": 44,
              }
            }
          >
            <Text
              style={
                Object {
                  "color": "#1f2c9b",
                  "fontFamily": "IBMPlexMono",
                  "fontSize": 15,
                  "fontWeight": "500",
                  "lineHeight": 24,
                }
              }
            >
              21
            </Text>
          </View>
        </View>
        <View
          accessible={true}
          focusable={true}
          isTVSelectable={true}
          style={
            Object {
              "opacity": 1,
            }
          }
        >
          <View
            style={
              Object {
                "alignItems": "center",
                "borderColor": "rgba(0, 0, 0, 0)",
                "borderRadius": 500,
                "borderWidth": 4,
                "flex": 1,
                "height": 44,
                "justifyContent": "center",
                "width": 44,
              }
            }
          >
            <Text
              style={
                Object {
                  "color": "#1f2c9b",
                  "fontFamily": "IBMPlexMono",
                  "fontSize": 15,
                  "fontWeight": "500",
                  "lineHeight": 24,
                }
              }
            >
              22
            </Text>
          </View>
        </View>
        <View
          accessible={true}
          focusable={true}
          isTVSelectable={true}
          style={
            Object {
              "opacity": 1,
            }
          }
        >
          <View
            style={
              Object {
                "alignItems": "center",
                "borderColor": "rgba(0, 0, 0, 0)",
                "borderRadius": 500,
                "borderWidth": 4,
                "flex": 1,
                "height": 44,
                "justifyContent": "center",
                "width": 44,
              }
            }
          >
            <Text
              style={
                Object {
                  "color": "#1f2c9b",
                  "fontFamily": "IBMPlexMono",
                  "fontSize": 15,
                  "fontWeight": "500",
                  "lineHeight": 24,
                }
              }
            >
              23
            </Text>
          </View>
        </View>
        <View
          accessible={true}
          focusable={true}
          isTVSelectable={true}
          style={
            Object {
              "opacity": 1,
            }
          }
        >
          <View
            style={
              Object {
                "alignItems": "center",
                "borderColor": "rgba(0, 0, 0, 0)",
                "borderRadius": 500,
                "borderWidth": 4,
                "flex": 1,
                "height": 44,
                "justifyContent": "center",
                "width": 44,
              }
            }
          >
            <Text
              style={
                Object {
                  "color": "#1f2c9b",
                  "fontFamily": "IBMPlexMono",
                  "fontSize": 15,
                  "fontWeight": "500",
                  "lineHeight": 24,
                }
              }
            >
              24
            </Text>
          </View>
        </View>
        <View
          accessible={true}
          focusable={true}
          isTVSelectable={true}
          style={
            Object {
              "opacity": 1,
            }
          }
        >
          <View
            style={
              Object {
                "alignItems": "center",
                "borderColor": "rgba(0, 0, 0, 0)",
                "borderRadius": 500,
                "borderWidth": 4,
                "flex": 1,
                "height": 44,
                "justifyContent": "center",
                "width": 44,
              }
            }
          >
            <Text
              style={
                Object {
                  "color": "#1f2c9b",
                  "fontFamily": "IBMPlexMono",
                  "fontSize": 15,
                  "fontWeight": "500",
                  "lineHeight": 24,
                }
              }
            >
              25
            </Text>
          </View>
        </View>
        <View
          accessible={true}
          focusable={true}
          isTVSelectable={true}
          style={
            Object {
              "opacity": 1,
            }
          }
        >
          <View
            style={
              Object {
                "alignItems": "center",
                "borderColor": "rgba(0, 0, 0, 0)",
                "borderRadius": 500,
                "borderWidth": 4,
                "flex": 1,
                "height": 44,
                "justifyContent": "center",
                "width": 44,
              }
            }
          >
            <Text
              style={
                Object {
                  "color": "#1f2c9b",
                  "fontFamily": "IBMPlexMono",
                  "fontSize": 15,
                  "fontWeight": "500",
                  "lineHeight": 24,
                }
              }
            >
              26
            </Text>
          </View>
        </View>
        <View
          accessible={true}
          focusable={true}
          isTVSelectable={true}
          style={
            Object {
              "opacity": 1,
            }
          }
        >
          <View
            style={
              Object {
                "alignItems": "center",
                "borderColor": "rgba(0, 0, 0, 0)",
                "borderRadius": 500,
                "borderWidth": 4,
                "flex": 1,
                "height": 44,
                "justifyContent": "center",
                "width": 44,
              }
            }
          >
            <Text
              style={
                Object {
                  "color": "#1f2c9b",
                  "fontFamily": "IBMPlexMono",
                  "fontSize": 15,
                  "fontWeight": "500",
                  "lineHeight": 24,
                }
              }
            >
              27
            </Text>
          </View>
        </View>
      </View>
      <View
        style={
          Object {
            "alignItems": "center",
            "flex": 1,
            "flexDirection": "row",
            "justifyContent": "space-between",
            "paddingVertical": 8,
          }
        }
      >
        <View
          accessible={true}
          focusable={true}
          isTVSelectable={true}
          style={
            Object {
              "opacity": 1,
            }
          }
        >
          <View
            style={
              Object {
                "alignItems": "center",
                "borderColor": "rgba(0, 0, 0, 0)",
                "borderRadius": 500,
                "borderWidth": 4,
                "flex": 1,
                "height": 44,
                "justifyContent": "center",
                "width": 44,
              }
            }
          >
            <Text
              style={
                Object {
                  "color": "#1f2c9b",
                  "fontFamily": "IBMPlexMono",
                  "fontSize": 15,
                  "fontWeight": "500",
                  "lineHeight": 24,
                }
              }
            >
              28
            </Text>
          </View>
        </View>
        <View
          accessible={true}
          focusable={true}
          isTVSelectable={true}
          style={
            Object {
              "opacity": 1,
            }
          }
        >
          <View
            style={
              Object {
                "alignItems": "center",
                "borderColor": "rgba(0, 0, 0, 0)",
                "borderRadius": 500,
                "borderWidth": 4,
                "flex": 1,
                "height": 44,
                "justifyContent": "center",
                "width": 44,
              }
            }
          >
            <Text
              style={
                Object {
                  "color": "#1f2c9b",
                  "fontFamily": "IBMPlexMono",
                  "fontSize": 15,
                  "fontWeight": "500",
                  "lineHeight": 24,
                }
              }
            >
              29
            </Text>
          </View>
        </View>
        <View
          accessible={true}
          focusable={true}
          isTVSelectable={true}
          style={
            Object {
              "opacity": 1,
            }
          }
        >
          <View
            style={
              Object {
                "alignItems": "center",
                "backgroundColor": "#4051db",
                "borderColor": "#4051db",
                "borderRadius": 500,
                "borderWidth": 4,
                "flex": 1,
                "height": 44,
                "justifyContent": "center",
                "width": 44,
              }
            }
          >
            <Text
              style={
                Object {
                  "color": "#ffffff",
                  "fontFamily": "IBMPlexMono",
                  "fontSize": 15,
                  "fontWeight": "500",
                  "lineHeight": 24,
                }
              }
            >
              30
            </Text>
          </View>
        </View>
        <View
          accessible={true}
          focusable={true}
          isTVSelectable={true}
          style={
            Object {
              "opacity": 1,
            }
          }
        >
          <View
            style={
              Object {
                "alignItems": "center",
                "borderColor": "rgba(0, 0, 0, 0)",
                "borderRadius": 500,
                "borderWidth": 4,
                "flex": 1,
                "height": 44,
                "justifyContent": "center",
                "width": 44,
              }
            }
          >
            <Text
              style={
                Object {
                  "color": "#1f2c9b",
                  "fontFamily": "IBMPlexMono",
                  "fontSize": 15,
                  "fontWeight": "500",
                  "lineHeight": 24,
                }
              }
            >
              1
            </Text>
          </View>
        </View>
        <View
          accessible={true}
          focusable={true}
          isTVSelectable={true}
          style={
            Object {
              "opacity": 1,
            }
          }
        >
          <View
            style={
              Object {
                "alignItems": "center",
                "borderColor": "rgba(0, 0, 0, 0)",
                "borderRadius": 500,
                "borderWidth": 4,
                "flex": 1,
                "height": 44,
                "justifyContent": "center",
                "width": 44,
              }
            }
          >
            <Text
              style={
                Object {
                  "color": "#1f2c9b",
                  "fontFamily": "IBMPlexMono",
                  "fontSize": 15,
                  "fontWeight": "700",
                  "lineHeight": 24,
                }
              }
            >
              2
            </Text>
            <View
              style={
                Object {
                  "alignItems": "center",
                  "backgroundColor": "#2e2e2e",
                  "borderRadius": 6,
                  "bottom": -4,
                  "height": 6,
                  "justifyContent": "center",
                  "position": "absolute",
                  "width": 6,
                }
              }
            />
          </View>
        </View>
        <View
          accessible={true}
          focusable={true}
          isTVSelectable={true}
          style={
            Object {
              "opacity": 1,
            }
          }
        >
          <View
            style={
              Object {
                "alignItems": "center",
                "borderColor": "rgba(0, 0, 0, 0)",
                "borderRadius": 500,
                "borderWidth": 4,
                "flex": 1,
                "height": 44,
                "justifyContent": "center",
                "width": 44,
              }
            }
          >
            <Text
              style={
                Object {
                  "color": "#1f2c9b",
                  "fontFamily": "IBMPlexMono",
                  "fontSize": 15,
                  "fontWeight": "500",
                  "lineHeight": 24,
                }
              }
            >
              3
            </Text>
          </View>
        </View>
        <View
          accessible={true}
          focusable={true}
          isTVSelectable={true}
          style={
            Object {
              "opacity": 1,
            }
          }
        >
          <View
            style={
              Object {
                "alignItems": "center",
                "borderColor": "rgba(0, 0, 0, 0)",
                "borderRadius": 500,
                "borderWidth": 4,
                "flex": 1,
                "height": 44,
                "justifyContent": "center",
                "width": 44,
              }
            }
          >
            <Text
              style={
                Object {
                  "color": "#1f2c9b",
                  "fontFamily": "IBMPlexMono",
                  "fontSize": 15,
                  "fontWeight": "500",
                  "lineHeight": 24,
                }
              }
            >
              4
            </Text>
          </View>
        </View>
      </View>
    </View>
    <Modal
      animationType="fade"
      hardwareAccelerated={false}
      transparent={true}
      visible={false}
    >
      <View
        style={
          Object {
            "alignItems": "center",
            "backgroundColor": "rgba(0,0,0,0.7)",
            "flex": 1,
            "justifyContent": "center",
          }
        }
      >
        <View
          accessible={true}
          focusable={true}
          isTVSelectable={true}
          style={
            Object {
              "height": "100%",
              "opacity": 1,
              "position": "absolute",
              "width": "100%",
            }
          }
        />
        <View
          style={
            Object {
              "backgroundColor": "#ffffff",
              "borderRadius": 16,
              "padding": 16,
              "paddingHorizontal": 24,
              "width": "80%",
            }
          }
        >
          <View
            style={
              Object {
                "alignItems": "center",
                "flexDirection": "row",
              }
            }
          >
            <View
              style={
                Array [
                  Object {
                    "alignItems": "center",
                    "borderRadius": 100,
                    "height": 30,
                    "justifyContent": "center",
                    "marginRight": 16,
                    "marginVertical": 16,
                    "width": 30,
                  },
                  Object {
                    "backgroundColor": "#ffcc00",
                    "borderColor": "#ffcc00",
                  },
                ]
              }
            >
              <Text
                style={
                  Object {
                    "color": "#2e2e2e",
                    "fontFamily": "IBMPlexSans-Bold",
                    "fontWeight": "500",
                  }
                }
              >
                1
              </Text>
              <View
                style={null}
              />
            </View>
            <Text
              style={
                Array [
                  Object {
                    "color": "#2e2e2e",
                    "fontFamily": "IBMPlexSans",
                    "fontSize": 17,
                    "lineHeight": 28,
                  },
                  Object {
                    "writingDirection": "ltr",
                  },
                  Object {
                    "color": "#2e2e2e",
                    "fontFamily": "IBMPlexSans-Bold",
                    "fontSize": 15,
                    "fontWeight": "500",
                    "lineHeight": 24,
                  },
                ]
              }
            >
              Exposure very likely
            </Text>
          </View>
          <View
            style={
              Object {
                "alignItems": "center",
                "flexDirection": "row",
              }
            }
          >
            <View
              style={
                Array [
                  Object {
                    "alignItems": "center",
                    "borderRadius": 100,
                    "height": 30,
                    "justifyContent": "center",
                    "marginRight": 16,
                    "marginVertical": 16,
                    "width": 30,
                  },
                  Object {
                    "backgroundColor": "#4051db",
                    "borderColor": "#4051db",
                  },
                ]
              }
            >
              <Text
                style={
                  Object {
                    "color": "#ffffff",
                    "fontFamily": "IBMPlexSans-Bold",
                    "fontWeight": "500",
                  }
                }
              >
                2
              </Text>
              <View
                style={null}
              />
            </View>
            <Text
              style={
                Array [
                  Object {
                    "color": "#2e2e2e",
                    "fontFamily": "IBMPlexSans",
                    "fontSize": 17,
                    "lineHeight": 28,
                  },
                  Object {
                    "writingDirection": "ltr",
                  },
                  Object {
                    "color": "#2e2e2e",
                    "fontFamily": "IBMPlexSans-Bold",
                    "fontSize": 15,
                    "fontWeight": "500",
                    "lineHeight": 24,
                  },
                ]
              }
            >
              Exposure possible
            </Text>
          </View>
          <View
            style={
              Object {
                "alignItems": "center",
                "flexDirection": "row",
              }
            }
          >
            <View
              style={
                Array [
                  Object {
                    "alignItems": "center",
                    "borderRadius": 100,
                    "height": 30,
                    "justifyContent": "center",
                    "marginRight": 16,
                    "marginVertical": 16,
                    "width": 30,
                  },
                  null,
                ]
              }
            >
              <Text
                style={
                  Object {
                    "color": "#1f2c9b",
                    "fontFamily": "IBMPlexSans-Bold",
                    "fontWeight": "500",
                  }
                }
              >
                3
              </Text>
              <View
                style={null}
              />
            </View>
            <Text
              style={
                Array [
                  Object {
                    "color": "#2e2e2e",
                    "fontFamily": "IBMPlexSans",
                    "fontSize": 17,
                    "lineHeight": 28,
                  },
                  Object {
                    "writingDirection": "ltr",
                  },
                  Object {
                    "color": "#2e2e2e",
                    "fontFamily": "IBMPlexSans-Bold",
                    "fontSize": 15,
                    "fontWeight": "500",
                    "lineHeight": 24,
                  },
                ]
              }
            >
              No exposure detected
            </Text>
          </View>
          <View
            style={
              Object {
                "alignItems": "center",
                "flexDirection": "row",
              }
            }
          >
            <View
              style={
                Array [
                  Object {
                    "alignItems": "center",
                    "borderRadius": 100,
                    "height": 30,
                    "justifyContent": "center",
                    "marginRight": 16,
                    "marginVertical": 16,
                    "width": 30,
                  },
                  null,
                ]
              }
            >
              <Text
                style={
                  Object {
                    "color": "#1f2c9b",
                    "fontFamily": "IBMPlexSans-Bold",
                    "fontSize": 15,
                    "fontWeight": "500",
                    "lineHeight": 24,
                  }
                }
              >
                4
              </Text>
              <View
                style={
                  Object {
                    "alignItems": "center",
                    "backgroundColor": "#4051db",
                    "borderRadius": 2,
                    "bottom": -2,
                    "height": 4,
                    "justifyContent": "center",
                    "position": "absolute",
                    "width": 4,
                  }
                }
              />
            </View>
            <Text
              style={
                Array [
                  Object {
                    "color": "#2e2e2e",
                    "fontFamily": "IBMPlexSans",
                    "fontSize": 17,
                    "lineHeight": 28,
                  },
                  Object {
                    "writingDirection": "ltr",
                  },
                  Object {
                    "color": "#2e2e2e",
                    "fontFamily": "IBMPlexSans-Bold",
                    "fontSize": 15,
                    "fontWeight": "500",
                    "lineHeight": 24,
                  },
                ]
              }
            >
              Today
            </Text>
          </View>
        </View>
      </View>
    </Modal>
  </View>
</View>
`;
