// Jest Snapshot v1, https://goo.gl/fbAQLP

exports[`base 1`] = `
<View
  collapsable={true}
  pointerEvents="box-none"
  style={
    Object {
      "flex": 1,
    }
  }
>
  <SafeAreaView
    style={
      Object {
        "borderTopWidth": 0,
        "flex": 1,
      }
    }
  >
    <View
      accessibilityIgnoresInvertColors={true}
      style={
        Object {
          "borderTopWidth": 0,
          "flex": 1,
          "justifyContent": "center",
          "resizeMode": "cover",
        }
      }
    >
      <Image
        style={
          Array [
            Object {
              "bottom": 0,
              "left": 0,
              "position": "absolute",
              "right": 0,
              "top": 0,
            },
            Object {
              "height": undefined,
              "width": undefined,
            },
            undefined,
          ]
        }
      />
      <ScrollView
        style={
          Object {
            "flex": 1,
          }
        }
      >
        <View
          style={
            Array [
              Object {
                "borderTopWidth": 0,
                "padding": 20,
              },
              undefined,
            ]
          }
        />
      </ScrollView>
      <View
        style={
          Object {
            "padding": 20,
          }
        }
      />
    </View>
  </SafeAreaView>
</View>
`;
