// Jest Snapshot v1, https://goo.gl/fbAQLP

exports[`renders default values from the flags provider 1`] = `
<View
  collapsable={true}
  pointerEvents="box-none"
  style={
    Object {
      "flex": 1,
    }
  }
>
  <RCTSafeAreaView
    emulateUnlessSupported={true}
    style={
      Object {
        "backgroundColor": "#1f2c9b",
      }
    }
  >
    <View
      style={
        Object {
          "alignItems": "center",
          "backgroundColor": "#1f2c9b",
          "flexDirection": "row",
          "justifyContent": "flex-start",
          "paddingHorizontal": 16,
          "paddingVertical": 8,
        }
      }
    >
      <View
        style={
          Object {
            "flex": 1,
          }
        }
      >
        <View
          accessible={true}
          focusable={true}
          isTVSelectable={true}
          style={
            Object {
              "opacity": 1,
            }
          }
        >
          <SvgXml
            xml="
  <svg width=\\"23\\" height=\\"24\\" viewBox=\\"0 0 23 24\\" fill=\\"none\\" xmlns=\\"http://www.w3.org/2000/svg\\">
    <path d=\\"M11.4854 3L2.22803 12.2573L11.4854 21.5146\\" stroke=\\"currentColor\\" stroke-opacity=\\"0.4\\" stroke-width=\\"3\\" stroke-linecap=\\"round\\" stroke-linejoin=\\"round\\" />
  </svg>
"
          />
        </View>
      </View>
      <View
        style={
          Object {
            "alignItems": "center",
            "flex": 3,
          }
        }
      >
        <Text
          style={
            Array [
              Object {
                "color": "#2e2e2e",
                "fontSize": 17,
                "lineHeight": 28,
              },
              Object {
                "writingDirection": "ltr",
              },
              Object {
                "color": "#ffffff",
                "fontFamily": "IBMPlexSans-Bold",
                "fontSize": 19,
                "fontWeight": "500",
                "lineHeight": 40,
              },
            ]
          }
        >
          Feature Flags
        </Text>
      </View>
      <View
        style={
          Object {
            "flex": 1,
          }
        }
      />
    </View>
    <View
      style={
        Object {
          "backgroundColor": "#f8f8f8",
          "height": "100%",
        }
      }
    >
      <Text
        style={
          Array [
            Object {
              "color": "#2e2e2e",
              "fontSize": 17,
              "lineHeight": 28,
            },
            Object {
              "writingDirection": "ltr",
            },
            Object {
              "marginHorizontal": 15,
              "paddingTop": 7.5,
              "textAlign": "center",
            },
          ]
        }
      >
        Notice
      </Text>
      <Text
        style={
          Array [
            Object {
              "color": "#4e4e4e",
              "fontSize": 17,
              "lineHeight": 28,
            },
            Object {
              "writingDirection": "ltr",
            },
            Object {
              "marginHorizontal": 15,
              "paddingTop": 7.5,
              "textAlign": "center",
            },
          ]
        }
      >
        This screen is only available when running the application in development or testing
      </Text>
      <View
        style={
          Object {
            "marginHorizontal": 10,
            "paddingTop": 20,
            "width": "80%",
          }
        }
      >
        <View
          style={
            Object {
              "alignItems": "center",
              "flexDirection": "row",
              "justifyContent": "flex-start",
              "paddingHorizontal": 5,
              "paddingVertical": 10,
            }
          }
        >
          <RCTSwitch
            accessibilityRole="button"
            onTintColor="#ff5656"
            style={
              Object {
                "height": 31,
                "width": 51,
              }
            }
            testID="switch"
            thumbTintColor="#ffffff"
            tintColor="#606060"
            value={false}
          />
          <Text
            style={
              Array [
                Object {
                  "color": "#2e2e2e",
                  "fontSize": 17,
                  "lineHeight": 28,
                },
                Object {
                  "writingDirection": "ltr",
                },
                Object {
                  "paddingLeft": 15,
                },
              ]
            }
          >
            Exposure Mode
          </Text>
        </View>
        <View
          style={
            Object {
              "alignItems": "center",
              "flexDirection": "row",
              "justifyContent": "flex-start",
              "paddingHorizontal": 5,
              "paddingVertical": 10,
            }
          }
        >
          <RCTSwitch
            accessibilityRole="button"
            onTintColor="#41dca4"
            style={
              Object {
                "height": 31,
                "width": 51,
              }
            }
            testID="FOO_BAR"
            thumbTintColor="#ffffff"
            tintColor="#4e4e4e"
            value={true}
          />
          <View
            style={
              Object {
                "paddingLeft": 15,
              }
            }
          >
            <Text
              style={
                Array [
                  Object {
                    "color": "#2e2e2e",
                    "fontSize": 17,
                    "lineHeight": 28,
                  },
                  Object {
                    "writingDirection": "ltr",
                  },
                  undefined,
                ]
              }
            >
              FOO BAR
            </Text>
            <Text
              style={
                Array [
                  Object {
                    "color": "#4e4e4e",
                    "fontSize": 17,
                    "lineHeight": 28,
                  },
                  Object {
                    "writingDirection": "ltr",
                  },
                  undefined,
                ]
              }
            >
              Default:
              <Text
                style={
                  Array [
                    Object {
                      "color": "#6979f8",
                      "fontSize": 15,
                      "lineHeight": 24,
                    },
                    Object {
                      "writingDirection": "ltr",
                    },
                    Object {
                      "fontStyle": "italic",
                    },
                  ]
                }
              >
                 On
              </Text>
            </Text>
          </View>
        </View>
      </View>
    </View>
  </RCTSafeAreaView>
</View>
`;
